Juniper vLabs Lab 6 (Network Address Translation, Destination NAT)

Step By Step Guide:

1) Login to vLabs and Reserve/Launch the Lab (should take a few minutes to start up).
    - https://jlabs.juniper.net/vlabs/portal/zones-policies/

2) Lets start by changing the IP addresses on the interfaces between the vSRX and Host3.

Host3:
delete interfaces ge-0/0/2.0 family inet address 10.100.13.2/24 
set interfaces ge-0/0/2 unit 0 family inet address 200.0.13.2/30


vSRX:
delete interfaces ge-0/0/2.0 family inet address 10.100.13.1/24
set interfaces ge-0/0/2 unit 0 family inet address 200.0.13.1/30

3) We do this to simulate the connection between Host3 and the vSRX being a publicly routed, external subnet. Now lets add a 
static route in Host3 to simulate reachability to Server1 and Server2 via the internet. The whole purpose of this lab is to
create a destination NAT policy which hides/translates the DMZ servers internal IP's from the internet. 


jcluser@Host3> show route 

inet.0: 5 destinations, 5 routes (5 active, 0 holddown, 0 hidden)
+ = Active Route, - = Last Active, * = Both

0.0.0.0/0          *[Static/5] 00:22:03
                    > to 100.123.0.1 via fxp0.0
100.123.0.0/16     *[Direct/0] 00:22:03
                    > via fxp0.0
100.123.1.2/32     *[Local/0] 00:22:03
                      Local via fxp0.0
200.0.13.0/30      *[Direct/0] 00:08:34
                    > via ge-0/0/2.0
200.0.13.2/32      *[Local/0] 00:08:34
                      Local via ge-0/0/2.0


jcluser@Host3# set routing-options static route 1.1.1.0/24 next-hop 200.0.13.1    
jcluser@Host3# set routing-options static route 2.2.2.0/24 next-hop 200.0.13.1   

4) Lets now add the loopback interface on the firewall to simulate the publicly 
accessible webserver connection points.

jcluser@vSRX1# set interfaces lo0.0 family inet address 1.1.1.1/24 
jcluser@vSRX1# set interfaces lo0.0 family inet address 2.2.2.2/24   

5) Next lets add the security policy from the untrust zone to the DMZ to allow the traffic from the external client, Host3. 
Lets create the address-book entries first. These identify the web servers private IP addresse. We use these addresses 
inside the security policy. 

*** Lets first look at the current security zones ***

jcluser@vSRX1> show configuration security zones | display set 
set security zones security-zone dmz host-inbound-traffic system-services any-service
set security zones security-zone dmz interfaces ge-0/0/0.0
set security zones security-zone dmz interfaces ge-0/0/1.0
set security zones security-zone untrust interfaces ge-0/0/2.0

*** Now lets add the address-book ***

set security zones security-zone dmz address-book address DMZ_SERVER1 10.100.11.2/32
set security zones security-zone dmz address-book address DMZ_SERVER2 10.100.12.2/32

*** Lets add the security policy to allow the inbound traffic from the internet/untrust to the DMZ ***

set security policies from-zone untrust to-zone dmz policy to_web_server match source-address any
set security policies from-zone untrust to-zone dmz policy to_web_server match destination-address DMZ_SERVER1
set security policies from-zone untrust to-zone dmz policy to_web_server match destination-address DMZ_SERVER2
set security policies from-zone untrust to-zone dmz policy to_web_server match application junos-https
set security policies from-zone untrust to-zone dmz policy to_web_server match application junos-ssh
set security policies from-zone untrust to-zone dmz policy to_web_server match application junos-ping
set security policies from-zone untrust to-zone dmz policy to_web_server then permit

6) Lets now add a route in Server1 and Server2 to the external/untrust subnet of 200.0.13.0/30. This is to simulate
reachabilty from inside the DMZ to the internet.

jcluser@Server1# set routing-options static route 200.0.13.0/30 next-hop 10.100.11.1 
jcluser@Server2# set routing-options static route 200.0.13.0/30 next-hop 10.100.12.1    

7) Lets now add our Destination NAT policy on the firewall for Server1. We create the pool first, which we identify Server1's 
IP address. Next we create the NAT Rule set where we create the mapping from Server1's private IP address to the public IP 
address we want. 

set security nat destination pool DMZSERVER1_PL address 10.100.11.2/32
set security nat destination rule-set DMZSERVER_RS from zone untrust
set security nat destination rule-set DMZSERVER_RS rule DMZSERVER1_RL match destination-address 1.1.1.1/32
set security nat destination rule-set DMZSERVER_RS rule DMZSERVER1_RL then destination-nat pool DMZSERVER1_PL

8) Lets try to our connections now to Server1, we'll use the ping and ssh command, then we'll use the telnet 
command to simulate port 443 (https) traffic:

**** Ping FROM Host3 to Server1 ****

jcluser@Host3> ping 1.1.1.1 rapid count 10     
PING 1.1.1.1 (1.1.1.1): 56 data bytes
!!!!!!!!!!
--- 1.1.1.1 ping statistics ---
10 packets transmitted, 10 packets received, 0% packet loss
round-trip min/avg/max/stddev = 1.550/1.817/2.305/0.222 ms

jcluser@vSRX1> show security flow session    
Session ID: 914, Policy name: to_web_server/4, State: Stand-alone, Timeout: 2, Valid
  In: 200.0.13.2/42272 --> 1.1.1.1/0;icmp, Conn Tag: 0x0, If: ge-0/0/2.0, Pkts: 1, Bytes: 84, 
  Out: 10.100.11.2/0 --> 200.0.13.2/42272;icmp, Conn Tag: 0x0, If: ge-0/0/0.0, Pkts: 1, Bytes: 84, 

jcluser@vSRX1> show security nat destination rule all                
Total destination-nat rules: 1
Total referenced IPv4/IPv6 ip-prefixes: 1/0
Destination NAT rule: DMZSERVER1_RL          Rule-set: DMZSERVER1_RS
  Rule-Id                    : 1
  Rule position              : 1
  From zone                  : untrust
    Destination addresses    : 1.1.1.1         - 1.1.1.1
  Action                     : DMZSERVER1_PL
  Translation hits           : 10
    Successful sessions      : 10
  Number of sessions         : 10


jcluser@Server1> monitor interface ge-0/0/0 

Interface: ge-0/0/0, Enabled, Link is Up
Encapsulation: Ethernet, Speed: 1000mbps
Traffic statistics:Current delta
Input bytes:892 (0 bps)   [892]
Output bytes:912 (0 bps)   [912]
Input packets:11 (0 pps)[11]
Output packets:11 (0 pps)[11]
Error statistics:
Input errors:0[0]
Input drops:0[0]
Input framing errors:0[0]
Carrier transitions:0[0]
Output errors:0[0]
Output drops:0[0]

**** SSH FROM Host3 to Server1 ****

jcluser@Host3> ssh 1.1.1.1 
Trying 1.1.1.1...
Connected to 1.1.1.1.
Escape character is '^]'.
SSH-2.0-OpenSSH_7.2

jcluser@vSRX1> show security flow session                            
Session ID: 934, Policy name: to_web_server/4, State: Stand-alone, Timeout: 1790, Valid
  In: 200.0.13.2/61941 --> 1.1.1.1/22;tcp, Conn Tag: 0x0, If: ge-0/0/2.0, Pkts: 3, Bytes: 168, 
  Out: 10.100.11.2/22 --> 200.0.13.2/61941;tcp, Conn Tag: 0x0, If: ge-0/0/0.0, Pkts: 2, Bytes: 137, 
Total sessions: 1

jcluser@vSRX1> show security nat destination rule all                
Total destination-nat rules: 1
Total referenced IPv4/IPv6 ip-prefixes: 1/0
Destination NAT rule: DMZSERVER1_RL          Rule-set: DMZSERVER1_RS
  Rule-Id                    : 1
  Rule position              : 1
  From zone                  : untrust
    Destination addresses    : 1.1.1.1         - 1.1.1.1
  Action                     : DMZSERVER1_PL
  Translation hits           : 11
    Successful sessions      : 11
  Number of sessions         : 11


**** Simulated https/443 connection FROM Host3 to Server1 ****

jcluser@Host3> telnet 1.1.1.1 port 443   
Trying 1.1.1.1...
telnet: connect to address 1.1.1.1: Connection refused
telnet: Unable to connect to remote host


jcluser@vSRX1> show security flow session | refresh 
---(refreshed at 2024-04-11 22:45:28 UTC)---
Total sessions: 0
tate: Stand-alone, Timeout: 2, Valid
  In: 200.0.13.2/58916 --> 1.1.1.1/443;tcp, Conn Tag: 0x0, If: ge-0/0/2.0, Pkts: 1, Bytes: 64, 
  Out: 10.100.11.2/443 --> 200.0.13.2/58916;tcp, Conn Tag: 0x0, If: ge-0/0/0.0, Pkts: 1, Bytes: 40, 


jcluser@vSRX1> show security nat destination rule all                
Total destination-nat rules: 1
Total referenced IPv4/IPv6 ip-prefixes: 1/0
Destination NAT rule: DMZSERVER1_RL          Rule-set: DMZSERVER1_RS
  Rule-Id                    : 1
  Rule position              : 1
  From zone                  : untrust
    Destination addresses    : 1.1.1.1         - 1.1.1.1
  Action                     : DMZSERVER1_PL
  Translation hits           : 12
    Successful sessions      : 12
  Number of sessions         : 12

9) As we can see from the output, all our traffic is working as desired. We see the destination NAT policy being hit,
we see with the security flow session command bidirection traffic flows and we can see from Server1 that traffic is
incrementing on its interface with the IP of 10.100.11.2. 

10) Lets now add our Destination NAT policy on the firewall for Server2.

set security nat destination pool DMZSERVER2_PL address 10.100.12.2/32
set security nat destination rule-set DMZSERVER_RS from zone untrust
set security nat destination rule-set DMZSERVER_RS rule DMZSERVER2_RL match destination-address 2.2.2.2/32
set security nat destination rule-set DMZSERVER_RS rule DMZSERVER2_RL then destination-nat pool DMZSERVER2_PL

11) Lets try our connections now from Host3 to Server2, we'll use the ping and ssh command, then we'll use the telnet 
command to simulate port 443 (https) traffic:

**** First lets clear the statistics on the destination NAT rule ****

jcluser@vSRX1> clear security nat statistics destination rule all  

**** Ping FROM Host3 to Server2 ****

jcluser@Host3> ping 2.2.2.2 rapid count 10    
PING 2.2.2.2 (2.2.2.2): 56 data bytes
!!!!!!!!!!
--- 2.2.2.2 ping statistics ---
10 packets transmitted, 10 packets received, 0% packet loss
round-trip min/avg/max/stddev = 1.394/1.736/2.419/0.306 ms

jcluser@vSRX1> show security flow session | refresh                  
---(refreshed at 2024-04-11 23:10:03 UTC)---
Total sessions: 0
---(refreshed at 2024-04-11 23:10:08 UTC)---
Session ID: 1006, Policy name: to_web_server/4, State: Stand-alone, Timeout: 2, Valid
  In: 200.0.13.2/18465 --> 2.2.2.2/0;icmp, Conn Tag: 0x0, If: ge-0/0/2.0, Pkts: 1, Bytes: 84, 
  Out: 10.100.12.2/0 --> 200.0.13.2/18465;icmp, Conn Tag: 0x0, If: ge-0/0/1.0, Pkts: 1, Bytes: 84, 

jcluser@vSRX1> show security nat destination rule DMZSERVER2_RL 
Destination NAT rule: DMZSERVER2_RL          Rule-set: DMZSERVER_RS
  Rule-Id                    : 3
  Rule position              : 2
  From zone                  : untrust
    Destination addresses    : 2.2.2.2         - 2.2.2.2
  Action                     : DMZSERVER2_PL
  Translation hits           : 10
    Successful sessions      : 10
  Number of sessions         : 0


**** SSH FROM Host3 to Server2 ****

jcluser@Host3> ssh 2.2.2.2                    
The authenticity of host '2.2.2.2 (2.2.2.2)' can't be established.
ECDSA key fingerprint is SHA256:aGF721Rr++omV2vC4OFKqC9VYm+HzbqWXbH/WtFlmJ0.
Are you sure you want to continue connecting (yes/no)?

jcluser@vSRX1> show security flow session | refresh                
---(refreshed at 2024-04-11 23:11:57 UTC)---
Total sessions: 0
---(refreshed at 2024-04-11 23:12:02 UTC)---
Session ID: 1016, Policy name: to_web_server/4, State: Stand-alone, Timeout: 1800, Valid
  In: 200.0.13.2/61312 --> 2.2.2.2/22;tcp, Conn Tag: 0x0, If: ge-0/0/2.0, Pkts: 6, Bytes: 1785, 
  Out: 10.100.12.2/22 --> 200.0.13.2/61312;tcp, Conn Tag: 0x0, If: ge-0/0/1.0, Pkts: 4, Bytes: 1581, 
Total sessions: 1


jcluser@vSRX1> show security nat destination rule DMZSERVER2_RL    
Destination NAT rule: DMZSERVER2_RL          Rule-set: DMZSERVER_RS
  Rule-Id                    : 3
  Rule position              : 2
  From zone                  : untrust
    Destination addresses    : 2.2.2.2         - 2.2.2.2
  Action                     : DMZSERVER2_PL
  Translation hits           : 11
    Successful sessions      : 11
  Number of sessions         : 0


**** Simulated https/443 connection FROM Host3 to Server2 ****

jcluser@Host3> telnet 2.2.2.2 port 443        
Trying 2.2.2.2...
telnet: connect to address 2.2.2.2: Connection refused
telnet: Unable to connect to remote host

jcluser@vSRX1> show security flow session | refresh   

Session ID: 1019, Policy name: to_web_server/4, State: Stand-alone, Timeout: 2, Valid
  In: 200.0.13.2/52263 --> 2.2.2.2/443;tcp, Conn Tag: 0x0, If: ge-0/0/2.0, Pkts: 1, Bytes: 64, 
  Out: 10.100.12.2/443 --> 200.0.13.2/52263;tcp, Conn Tag: 0x0, If: ge-0/0/1.0, Pkts: 1, Bytes: 40, 
Total sessions: 1

jcluser@vSRX1> show security nat destination rule DMZSERVER2_RL    
Destination NAT rule: DMZSERVER2_RL          Rule-set: DMZSERVER_RS
  Rule-Id                    : 3
  Rule position              : 2
  From zone                  : untrust
    Destination addresses    : 2.2.2.2         - 2.2.2.2
  Action                     : DMZSERVER2_PL
  Translation hits           : 12
    Successful sessions      : 12
  Number of sessions         : 0


12) We can see that the traffic is now hitting the two different DMZ Servers using the Destination NAT policies
we applied to the firewall. Congratulations, you have completed the lab!
